Information: The value of option cts.compile.enable_cell_relocation has been overridden to "leaf_only" to support latency-driven placement. (CTS-973)
Information: Timer using 1 threads
Warning: time.si_enable_analysis is on, it could increase the runtime and memory usage. 
****************************************
Report : report clock qor
        -type structure
        -nosplit
Design : ALU_votegui
Version: U-2022.12
Date   : Mon Apr 28 13:45:57 2025
****************************************

C2 is corner hold_ff0p88v125c
C1 is corner setup_ss0p72v125c

Printing structure of CLOCK_MAIN at root pin i_clock:
(0) i_clock [in Port] [Location (29.98, 0.30)] [Net: i_clock] [Fanout: 1] 
 (1) buf_int_i_clock:A->X [Ref: saed14slvt/SAEDSLVT14_BUF_S_8] [Location (29.97, 2.40)] [Net: i_clock_0] [Fanout: 2] 
  (2) u_clock_mux/ctmi_20:B1->X [Ref: saed14hvt/SAEDHVT14_AO221_0P5] [Location (31.52, 26.40)] [Net: u_clock_mux/clk_out] [Fanout: 2] 
   (3) clock_opt_cts_ZCTSINV_413_925:A->X [Ref: saed14slvt/SAEDSLVT14_INV_S_3] [Location (32.34, 26.40)] [Net: clock_opt_cts_ZCTSNET_1] [Fanout: 1] 
    (4) clock_opt_cts_ZCTSINV_399_924:A->X [Ref: saed14slvt/SAEDSLVT14_INV_S_12] [Location (32.19, 24.00)] [Net: clock_opt_cts_ZCTSNET_0] [Fanout: 33] 
     (5) data_out_reg_0_/CK [Ref: saed14hvt/SAEDHVT14_FSDPRBQ_V2LP_1] [Location (44.62, 24.88)] [SINK PIN] 
     (5) o_valid_reg_reg/CK [Ref: saed14hvt/SAEDHVT14_FSDPQ_V2LP_1] [Location (15.35, 47.14)] [SINK PIN] 
     (5) data_out_reg_3_/CK [Ref: saed14hvt/SAEDHVT14_FSDPRBQ_V2LP_1] [Location (37.00, 15.92)] [SINK PIN] 
     (5) data_out_reg_11_/CK [Ref: saed14hvt/SAEDHVT14_FSDPRBQ_V2LP_1] [Location (37.00, 13.52)] [SINK PIN] 
     (5) data_out_reg_7_/CK [Ref: saed14hvt/SAEDHVT14_FSDPRBQ_V2LP_1] [Location (37.00, 14.72)] [SINK PIN] 
     (5) data_out_reg_5_/CK [Ref: saed14hvt/SAEDHVT14_FSDPRBQ_V2LP_1] [Location (40.04, 18.88)] [SINK PIN] 
     (5) data_out_reg_13_/CK [Ref: saed14hvt/SAEDHVT14_FSDPRBQ_V2LP_1] [Location (40.04, 16.48)] [SINK PIN] 
     (5) data_out_reg_18_/CK [Ref: saed14hvt/SAEDHVT14_FSDPRBQ_V2LP_1] [Location (40.04, 14.08)] [SINK PIN] 
     (5) data_out_reg_25_/CK [Ref: saed14hvt/SAEDHVT14_FSDPRBQ_V2LP_1] [Location (40.04, 12.32)] [SINK PIN] 
     (5) data_out_reg_21_/CK [Ref: saed14hvt/SAEDHVT14_FSDPRBQ_V2LP_1] [Location (40.04, 9.92)] [SINK PIN] 
     (5) data_out_reg_29_/CK [Ref: saed14hvt/SAEDHVT14_FSDPRBQ_V2LP_1] [Location (44.55, 9.92)] [SINK PIN] 
     (5) data_out_reg_24_/CK [Ref: saed14hvt/SAEDHVT14_FSDPRBQ_V2LP_1] [Location (44.62, 6.32)] [SINK PIN] 
     (5) data_out_reg_30_/CK [Ref: saed14hvt/SAEDHVT14_FSDPRBQ_V2LP_1] [Location (46.10, 7.52)] [SINK PIN] 
     (5) data_out_reg_31_/CK [Ref: saed14hvt/SAEDHVT14_FSDPRBQ_V2LP_1] [Location (47.66, 6.32)] [SINK PIN] 
     (5) data_out_reg_26_/CK [Ref: saed14hvt/SAEDHVT14_FSDPRBQ_V2LP_1] [Location (47.66, 3.92)] [SINK PIN] 
     (5) data_out_reg_27_/CK [Ref: saed14hvt/SAEDHVT14_FSDPRBQ_V2LP_1] [Location (47.66, 5.12)] [SINK PIN] 
     (5) data_out_reg_28_/CK [Ref: saed14hvt/SAEDHVT14_FSDPRBQ_V2LP_1] [Location (44.55, 8.72)] [SINK PIN] 
     (5) data_out_reg_22_/CK [Ref: saed14hvt/SAEDHVT14_FSDPRBQ_V2LP_1] [Location (40.04, 11.12)] [SINK PIN] 
     (5) data_out_reg_23_/CK [Ref: saed14hvt/SAEDHVT14_FSDPRBQ_V2LP_1] [Location (40.04, 13.52)] [SINK PIN] 
     (5) data_out_reg_15_/CK [Ref: saed14hvt/SAEDHVT14_FSDPRBQ_V2LP_1] [Location (40.04, 15.28)] [SINK PIN] 
     (5) data_out_reg_9_/CK [Ref: saed14hvt/SAEDHVT14_FSDPRBQ_V2LP_1] [Location (40.04, 17.68)] [SINK PIN] 
     (5) data_out_reg_17_/CK [Ref: saed14hvt/SAEDHVT14_FSDPRBQ_V2LP_1] [Location (44.55, 18.88)] [SINK PIN] 
     (5) data_out_reg_1_/CK [Ref: saed14hvt/SAEDHVT14_FSDPRBQ_V2LP_1] [Location (40.04, 20.08)] [SINK PIN] 
     (5) data_out_reg_12_/CK [Ref: saed14hvt/SAEDHVT14_FSDPRBQ_V2LP_1] [Location (44.62, 21.28)] [SINK PIN] 
     (5) data_out_reg_8_/CK [Ref: saed14hvt/SAEDHVT14_FSDPRBQ_V2LP_1] [Location (44.62, 22.48)] [SINK PIN] 
     (5) data_out_reg_4_/CK [Ref: saed14hvt/SAEDHVT14_FSDPRBQ_V2LP_1] [Location (44.62, 23.68)] [SINK PIN] 
     (5) data_out_reg_19_/CK [Ref: saed14hvt/SAEDHVT14_FSDPRBQ_V2LP_1] [Location (46.10, 20.08)] [SINK PIN] 
     (5) data_out_reg_10_/CK [Ref: saed14hvt/SAEDHVT14_FSDPRBQ_V2LP_1] [Location (47.66, 24.88)] [SINK PIN] 
     (5) data_out_reg_16_/CK [Ref: saed14hvt/SAEDHVT14_FSDPRBQ_V2LP_1] [Location (47.66, 22.48)] [SINK PIN] 
     (5) data_out_reg_20_/CK [Ref: saed14hvt/SAEDHVT14_FSDPRBQ_V2LP_1] [Location (47.66, 21.28)] [SINK PIN] 
     (5) data_out_reg_14_/CK [Ref: saed14hvt/SAEDHVT14_FSDPRBQ_V2LP_1] [Location (47.66, 23.68)] [SINK PIN] 
     (5) data_out_reg_2_/CK [Ref: saed14hvt/SAEDHVT14_FSDPRBQ_V2LP_1] [Location (47.66, 27.28)] [SINK PIN] 
     (5) data_out_reg_6_/CK [Ref: saed14hvt/SAEDHVT14_FSDPRBQ_V2LP_1] [Location (47.66, 26.08)] [SINK PIN] 
   (3) clock_opt_cts_u_clock_mux_clk_out_vip92/A [Ref: saed14slvt/SAEDSLVT14_INV_S_0P5] [Location (20.61, 24.91)] [IMPLICIT IGNORE PIN] 
   (3) clock_opt_cts_u_clock_mux_clk_out_vip92:A->X [Ref: saed14slvt/SAEDSLVT14_INV_S_0P5] [Location (20.50, 25.20)] [Net: cts7] [IMPLICIT IGNORE PIN] [Fanout: 1] 
    (4) clock_opt_cts_u_clock_mux_clk_out_vip91:A->X [Ref: saed14slvt/SAEDSLVT14_INV_S_0P5] [Location (20.20, 25.20)] [Net: cts6] [IMPLICIT IGNORE PIN] [Fanout: 1] 
     (5) ctmi_43/A1 [Ref: saed14hvt/SAEDHVT14_AN2_1] [Location (24.92, 24.86)] [ICG] [IMPLICIT IGNORE PIN] 
  (2) q_div_2_reg:CK->Q [Ref: saed14slvt/SAEDSLVT14_FSDPRBQ_V2_1] [Location (25.23, 26.40)] [Net: q_div_2] [Fanout: 3] [GENCLK: gen_clk_div2] 
   (3) q_div_4_reg:CK->Q [Ref: saed14slvt/SAEDSLVT14_FSDPRBQ_V2_1] [Location (22.87, 27.60)] [Net: q_div_4] [Fanout: 3] [GENCLK: gen_clk_div4] 
    (4) q_div_8_reg:CK->Q [Ref: saed14slvt/SAEDSLVT14_FSDPRBQ_V2_0P5] [Location (19.91, 28.80)] [Net: q_div_8] [Fanout: 2] [GENCLK: gen_clk_div8] 
     (5) u_clock_mux/ctmi_21:A1->X [Ref: saed14hvt/SAEDHVT14_AO22_0P5] [Location (18.43, 25.20)] [Net: u_clock_mux/ctmn_20] [Fanout: 1] 
      (6) u_clock_mux/clock_opt_cts_ZCTSINV_25_927:A->X [Ref: saed14slvt/SAEDSLVT14_INV_S_0P75] [Location (19.83, 25.20)] [Net: u_clock_mux/clock_opt_cts_ZCTSNET_1] [Fanout: 1] 
       (7) u_clock_mux/clock_opt_cts_ZCTSINV_14_926:A->X [Ref: saed14slvt/SAEDSLVT14_INV_S_1] [Location (19.31, 25.20)] [Net: u_clock_mux/clock_opt_cts_ZCTSNET_0] [Fanout: 1] 
        (8) u_clock_mux/ctmi_20:C->X [Ref: saed14hvt/SAEDHVT14_AO221_0P5] [Location (31.52, 26.40)] [Net: u_clock_mux/clk_out] [RECONVERGENT PIN] [ICG] 
     (5) clock_opt_cts_q_div_8_reg_Q_vdp86/A [Ref: saed14rvt/SAEDRVT14_INV_0P5] [Location (17.87, 26.69)] [IMPLICIT IGNORE PIN] [CLOCK TO DATA] 
    (4) u_clock_mux/ctmi_21:B1->X [Ref: saed14hvt/SAEDHVT14_AO22_0P5] [Location (18.43, 25.20)] [Net: u_clock_mux/ctmn_20] [RECONVERGENT PIN] 
    (4) clock_opt_cts_q_div_4_reg_Q_vdp90/A [Ref: saed14rvt/SAEDRVT14_INV_0P5] [Location (19.79, 26.69)] [IMPLICIT IGNORE PIN] [CLOCK TO DATA] 
   (3) u_clock_mux/ctmi_20:A1->X [Ref: saed14hvt/SAEDHVT14_AO221_0P5] [Location (31.52, 26.40)] [Net: u_clock_mux/clk_out] [RECONVERGENT PIN] 
   (3) clock_opt_cts_q_div_2_reg_Q_vdp88/A [Ref: saed14rvt/SAEDRVT14_INV_0P5] [Location (22.53, 25.49)] [IMPLICIT IGNORE PIN] [CLOCK TO DATA] 

Printing structure of gen_clk_div2 at root pin q_div_2_reg/Q:
(0) q_div_2_reg/Q [Ref: saed14slvt/SAEDSLVT14_FSDPRBQ_V2_1] [Location (23.20, 26.11)] [Net: q_div_2] [Fanout: 3] [GENCLK: gen_clk_div2] 
 (1) q_div_4_reg:CK->Q [Ref: saed14slvt/SAEDSLVT14_FSDPRBQ_V2_1] [Location (22.87, 27.60)] [Net: q_div_4] [Fanout: 3] [GENCLK: gen_clk_div4] 
  (2) q_div_8_reg:CK->Q [Ref: saed14slvt/SAEDSLVT14_FSDPRBQ_V2_0P5] [Location (19.91, 28.80)] [Net: q_div_8] [Fanout: 2] [GENCLK: gen_clk_div8] 
   (3) u_clock_mux/ctmi_21:A1->X [Ref: saed14hvt/SAEDHVT14_AO22_0P5] [Location (18.43, 25.20)] [Net: u_clock_mux/ctmn_20] [Fanout: 1] 
    (4) u_clock_mux/clock_opt_cts_ZCTSINV_25_927:A->X [Ref: saed14slvt/SAEDSLVT14_INV_S_0P75] [Location (19.83, 25.20)] [Net: u_clock_mux/clock_opt_cts_ZCTSNET_1] [Fanout: 1] 
     (5) u_clock_mux/clock_opt_cts_ZCTSINV_14_926:A->X [Ref: saed14slvt/SAEDSLVT14_INV_S_1] [Location (19.31, 25.20)] [Net: u_clock_mux/clock_opt_cts_ZCTSNET_0] [Fanout: 1] 
      (6) u_clock_mux/ctmi_20:C->X [Ref: saed14hvt/SAEDHVT14_AO221_0P5] [Location (31.52, 26.40)] [Net: u_clock_mux/clk_out] [ICG] [Fanout: 2] 
       (7) clock_opt_cts_ZCTSINV_413_925:A->X [Ref: saed14slvt/SAEDSLVT14_INV_S_3] [Location (32.34, 26.40)] [Net: clock_opt_cts_ZCTSNET_1] [Fanout: 1] 
        (8) clock_opt_cts_ZCTSINV_399_924:A->X [Ref: saed14slvt/SAEDSLVT14_INV_S_12] [Location (32.19, 24.00)] [Net: clock_opt_cts_ZCTSNET_0] [Fanout: 33] 
         (9) data_out_reg_0_/CK [Ref: saed14hvt/SAEDHVT14_FSDPRBQ_V2LP_1] [Location (44.62, 24.88)] [SINK PIN] 
         (9) o_valid_reg_reg/CK [Ref: saed14hvt/SAEDHVT14_FSDPQ_V2LP_1] [Location (15.35, 47.14)] [SINK PIN] 
         (9) data_out_reg_3_/CK [Ref: saed14hvt/SAEDHVT14_FSDPRBQ_V2LP_1] [Location (37.00, 15.92)] [SINK PIN] 
         (9) data_out_reg_11_/CK [Ref: saed14hvt/SAEDHVT14_FSDPRBQ_V2LP_1] [Location (37.00, 13.52)] [SINK PIN] 
         (9) data_out_reg_7_/CK [Ref: saed14hvt/SAEDHVT14_FSDPRBQ_V2LP_1] [Location (37.00, 14.72)] [SINK PIN] 
         (9) data_out_reg_5_/CK [Ref: saed14hvt/SAEDHVT14_FSDPRBQ_V2LP_1] [Location (40.04, 18.88)] [SINK PIN] 
         (9) data_out_reg_13_/CK [Ref: saed14hvt/SAEDHVT14_FSDPRBQ_V2LP_1] [Location (40.04, 16.48)] [SINK PIN] 
         (9) data_out_reg_18_/CK [Ref: saed14hvt/SAEDHVT14_FSDPRBQ_V2LP_1] [Location (40.04, 14.08)] [SINK PIN] 
         (9) data_out_reg_25_/CK [Ref: saed14hvt/SAEDHVT14_FSDPRBQ_V2LP_1] [Location (40.04, 12.32)] [SINK PIN] 
         (9) data_out_reg_21_/CK [Ref: saed14hvt/SAEDHVT14_FSDPRBQ_V2LP_1] [Location (40.04, 9.92)] [SINK PIN] 
         (9) data_out_reg_29_/CK [Ref: saed14hvt/SAEDHVT14_FSDPRBQ_V2LP_1] [Location (44.55, 9.92)] [SINK PIN] 
         (9) data_out_reg_24_/CK [Ref: saed14hvt/SAEDHVT14_FSDPRBQ_V2LP_1] [Location (44.62, 6.32)] [SINK PIN] 
         (9) data_out_reg_30_/CK [Ref: saed14hvt/SAEDHVT14_FSDPRBQ_V2LP_1] [Location (46.10, 7.52)] [SINK PIN] 
         (9) data_out_reg_31_/CK [Ref: saed14hvt/SAEDHVT14_FSDPRBQ_V2LP_1] [Location (47.66, 6.32)] [SINK PIN] 
         (9) data_out_reg_26_/CK [Ref: saed14hvt/SAEDHVT14_FSDPRBQ_V2LP_1] [Location (47.66, 3.92)] [SINK PIN] 
         (9) data_out_reg_27_/CK [Ref: saed14hvt/SAEDHVT14_FSDPRBQ_V2LP_1] [Location (47.66, 5.12)] [SINK PIN] 
         (9) data_out_reg_28_/CK [Ref: saed14hvt/SAEDHVT14_FSDPRBQ_V2LP_1] [Location (44.55, 8.72)] [SINK PIN] 
         (9) data_out_reg_22_/CK [Ref: saed14hvt/SAEDHVT14_FSDPRBQ_V2LP_1] [Location (40.04, 11.12)] [SINK PIN] 
         (9) data_out_reg_23_/CK [Ref: saed14hvt/SAEDHVT14_FSDPRBQ_V2LP_1] [Location (40.04, 13.52)] [SINK PIN] 
         (9) data_out_reg_15_/CK [Ref: saed14hvt/SAEDHVT14_FSDPRBQ_V2LP_1] [Location (40.04, 15.28)] [SINK PIN] 
         (9) data_out_reg_9_/CK [Ref: saed14hvt/SAEDHVT14_FSDPRBQ_V2LP_1] [Location (40.04, 17.68)] [SINK PIN] 
         (9) data_out_reg_17_/CK [Ref: saed14hvt/SAEDHVT14_FSDPRBQ_V2LP_1] [Location (44.55, 18.88)] [SINK PIN] 
         (9) data_out_reg_1_/CK [Ref: saed14hvt/SAEDHVT14_FSDPRBQ_V2LP_1] [Location (40.04, 20.08)] [SINK PIN] 
         (9) data_out_reg_12_/CK [Ref: saed14hvt/SAEDHVT14_FSDPRBQ_V2LP_1] [Location (44.62, 21.28)] [SINK PIN] 
         (9) data_out_reg_8_/CK [Ref: saed14hvt/SAEDHVT14_FSDPRBQ_V2LP_1] [Location (44.62, 22.48)] [SINK PIN] 
         (9) data_out_reg_4_/CK [Ref: saed14hvt/SAEDHVT14_FSDPRBQ_V2LP_1] [Location (44.62, 23.68)] [SINK PIN] 
         (9) data_out_reg_19_/CK [Ref: saed14hvt/SAEDHVT14_FSDPRBQ_V2LP_1] [Location (46.10, 20.08)] [SINK PIN] 
         (9) data_out_reg_10_/CK [Ref: saed14hvt/SAEDHVT14_FSDPRBQ_V2LP_1] [Location (47.66, 24.88)] [SINK PIN] 
         (9) data_out_reg_16_/CK [Ref: saed14hvt/SAEDHVT14_FSDPRBQ_V2LP_1] [Location (47.66, 22.48)] [SINK PIN] 
         (9) data_out_reg_20_/CK [Ref: saed14hvt/SAEDHVT14_FSDPRBQ_V2LP_1] [Location (47.66, 21.28)] [SINK PIN] 
         (9) data_out_reg_14_/CK [Ref: saed14hvt/SAEDHVT14_FSDPRBQ_V2LP_1] [Location (47.66, 23.68)] [SINK PIN] 
         (9) data_out_reg_2_/CK [Ref: saed14hvt/SAEDHVT14_FSDPRBQ_V2LP_1] [Location (47.66, 27.28)] [SINK PIN] 
         (9) data_out_reg_6_/CK [Ref: saed14hvt/SAEDHVT14_FSDPRBQ_V2LP_1] [Location (47.66, 26.08)] [SINK PIN] 
       (7) clock_opt_cts_u_clock_mux_clk_out_vip92/A [Ref: saed14slvt/SAEDSLVT14_INV_S_0P5] [Location (20.61, 24.91)] [IMPLICIT IGNORE PIN] 
       (7) clock_opt_cts_u_clock_mux_clk_out_vip92:A->X [Ref: saed14slvt/SAEDSLVT14_INV_S_0P5] [Location (20.50, 25.20)] [Net: cts7] [IMPLICIT IGNORE PIN] [Fanout: 1] 
        (8) clock_opt_cts_u_clock_mux_clk_out_vip91:A->X [Ref: saed14slvt/SAEDSLVT14_INV_S_0P5] [Location (20.20, 25.20)] [Net: cts6] [IMPLICIT IGNORE PIN] [Fanout: 1] 
         (9) ctmi_43/A1 [Ref: saed14hvt/SAEDHVT14_AN2_1] [Location (24.92, 24.86)] [ICG] [IMPLICIT IGNORE PIN] 
   (3) clock_opt_cts_q_div_8_reg_Q_vdp86/A [Ref: saed14rvt/SAEDRVT14_INV_0P5] [Location (17.87, 26.69)] [IMPLICIT IGNORE PIN] [CLOCK TO DATA] 
  (2) u_clock_mux/ctmi_21:B1->X [Ref: saed14hvt/SAEDHVT14_AO22_0P5] [Location (18.43, 25.20)] [Net: u_clock_mux/ctmn_20] [RECONVERGENT PIN] 
  (2) clock_opt_cts_q_div_4_reg_Q_vdp90/A [Ref: saed14rvt/SAEDRVT14_INV_0P5] [Location (19.79, 26.69)] [IMPLICIT IGNORE PIN] [CLOCK TO DATA] 
 (1) u_clock_mux/ctmi_20:A1->X [Ref: saed14hvt/SAEDHVT14_AO221_0P5] [Location (31.52, 26.40)] [Net: u_clock_mux/clk_out] [RECONVERGENT PIN] 
 (1) clock_opt_cts_q_div_2_reg_Q_vdp88/A [Ref: saed14rvt/SAEDRVT14_INV_0P5] [Location (22.53, 25.49)] [IMPLICIT IGNORE PIN] [CLOCK TO DATA] 

Printing structure of gen_clk_div4 at root pin q_div_4_reg/Q:
(0) q_div_4_reg/Q [Ref: saed14slvt/SAEDSLVT14_FSDPRBQ_V2_1] [Location (20.83, 27.31)] [Net: q_div_4] [Fanout: 3] [GENCLK: gen_clk_div4] 
 (1) q_div_8_reg:CK->Q [Ref: saed14slvt/SAEDSLVT14_FSDPRBQ_V2_0P5] [Location (19.91, 28.80)] [Net: q_div_8] [Fanout: 2] [GENCLK: gen_clk_div8] 
  (2) u_clock_mux/ctmi_21:A1->X [Ref: saed14hvt/SAEDHVT14_AO22_0P5] [Location (18.43, 25.20)] [Net: u_clock_mux/ctmn_20] [Fanout: 1] 
   (3) u_clock_mux/clock_opt_cts_ZCTSINV_25_927:A->X [Ref: saed14slvt/SAEDSLVT14_INV_S_0P75] [Location (19.83, 25.20)] [Net: u_clock_mux/clock_opt_cts_ZCTSNET_1] [Fanout: 1] 
    (4) u_clock_mux/clock_opt_cts_ZCTSINV_14_926:A->X [Ref: saed14slvt/SAEDSLVT14_INV_S_1] [Location (19.31, 25.20)] [Net: u_clock_mux/clock_opt_cts_ZCTSNET_0] [Fanout: 1] 
     (5) u_clock_mux/ctmi_20:C->X [Ref: saed14hvt/SAEDHVT14_AO221_0P5] [Location (31.52, 26.40)] [Net: u_clock_mux/clk_out] [ICG] [Fanout: 2] 
      (6) clock_opt_cts_ZCTSINV_413_925:A->X [Ref: saed14slvt/SAEDSLVT14_INV_S_3] [Location (32.34, 26.40)] [Net: clock_opt_cts_ZCTSNET_1] [Fanout: 1] 
       (7) clock_opt_cts_ZCTSINV_399_924:A->X [Ref: saed14slvt/SAEDSLVT14_INV_S_12] [Location (32.19, 24.00)] [Net: clock_opt_cts_ZCTSNET_0] [Fanout: 33] 
        (8) data_out_reg_0_/CK [Ref: saed14hvt/SAEDHVT14_FSDPRBQ_V2LP_1] [Location (44.62, 24.88)] [SINK PIN] 
        (8) o_valid_reg_reg/CK [Ref: saed14hvt/SAEDHVT14_FSDPQ_V2LP_1] [Location (15.35, 47.14)] [SINK PIN] 
        (8) data_out_reg_3_/CK [Ref: saed14hvt/SAEDHVT14_FSDPRBQ_V2LP_1] [Location (37.00, 15.92)] [SINK PIN] 
        (8) data_out_reg_11_/CK [Ref: saed14hvt/SAEDHVT14_FSDPRBQ_V2LP_1] [Location (37.00, 13.52)] [SINK PIN] 
        (8) data_out_reg_7_/CK [Ref: saed14hvt/SAEDHVT14_FSDPRBQ_V2LP_1] [Location (37.00, 14.72)] [SINK PIN] 
        (8) data_out_reg_5_/CK [Ref: saed14hvt/SAEDHVT14_FSDPRBQ_V2LP_1] [Location (40.04, 18.88)] [SINK PIN] 
        (8) data_out_reg_13_/CK [Ref: saed14hvt/SAEDHVT14_FSDPRBQ_V2LP_1] [Location (40.04, 16.48)] [SINK PIN] 
        (8) data_out_reg_18_/CK [Ref: saed14hvt/SAEDHVT14_FSDPRBQ_V2LP_1] [Location (40.04, 14.08)] [SINK PIN] 
        (8) data_out_reg_25_/CK [Ref: saed14hvt/SAEDHVT14_FSDPRBQ_V2LP_1] [Location (40.04, 12.32)] [SINK PIN] 
        (8) data_out_reg_21_/CK [Ref: saed14hvt/SAEDHVT14_FSDPRBQ_V2LP_1] [Location (40.04, 9.92)] [SINK PIN] 
        (8) data_out_reg_29_/CK [Ref: saed14hvt/SAEDHVT14_FSDPRBQ_V2LP_1] [Location (44.55, 9.92)] [SINK PIN] 
        (8) data_out_reg_24_/CK [Ref: saed14hvt/SAEDHVT14_FSDPRBQ_V2LP_1] [Location (44.62, 6.32)] [SINK PIN] 
        (8) data_out_reg_30_/CK [Ref: saed14hvt/SAEDHVT14_FSDPRBQ_V2LP_1] [Location (46.10, 7.52)] [SINK PIN] 
        (8) data_out_reg_31_/CK [Ref: saed14hvt/SAEDHVT14_FSDPRBQ_V2LP_1] [Location (47.66, 6.32)] [SINK PIN] 
        (8) data_out_reg_26_/CK [Ref: saed14hvt/SAEDHVT14_FSDPRBQ_V2LP_1] [Location (47.66, 3.92)] [SINK PIN] 
        (8) data_out_reg_27_/CK [Ref: saed14hvt/SAEDHVT14_FSDPRBQ_V2LP_1] [Location (47.66, 5.12)] [SINK PIN] 
        (8) data_out_reg_28_/CK [Ref: saed14hvt/SAEDHVT14_FSDPRBQ_V2LP_1] [Location (44.55, 8.72)] [SINK PIN] 
        (8) data_out_reg_22_/CK [Ref: saed14hvt/SAEDHVT14_FSDPRBQ_V2LP_1] [Location (40.04, 11.12)] [SINK PIN] 
        (8) data_out_reg_23_/CK [Ref: saed14hvt/SAEDHVT14_FSDPRBQ_V2LP_1] [Location (40.04, 13.52)] [SINK PIN] 
        (8) data_out_reg_15_/CK [Ref: saed14hvt/SAEDHVT14_FSDPRBQ_V2LP_1] [Location (40.04, 15.28)] [SINK PIN] 
        (8) data_out_reg_9_/CK [Ref: saed14hvt/SAEDHVT14_FSDPRBQ_V2LP_1] [Location (40.04, 17.68)] [SINK PIN] 
        (8) data_out_reg_17_/CK [Ref: saed14hvt/SAEDHVT14_FSDPRBQ_V2LP_1] [Location (44.55, 18.88)] [SINK PIN] 
        (8) data_out_reg_1_/CK [Ref: saed14hvt/SAEDHVT14_FSDPRBQ_V2LP_1] [Location (40.04, 20.08)] [SINK PIN] 
        (8) data_out_reg_12_/CK [Ref: saed14hvt/SAEDHVT14_FSDPRBQ_V2LP_1] [Location (44.62, 21.28)] [SINK PIN] 
        (8) data_out_reg_8_/CK [Ref: saed14hvt/SAEDHVT14_FSDPRBQ_V2LP_1] [Location (44.62, 22.48)] [SINK PIN] 
        (8) data_out_reg_4_/CK [Ref: saed14hvt/SAEDHVT14_FSDPRBQ_V2LP_1] [Location (44.62, 23.68)] [SINK PIN] 
        (8) data_out_reg_19_/CK [Ref: saed14hvt/SAEDHVT14_FSDPRBQ_V2LP_1] [Location (46.10, 20.08)] [SINK PIN] 
        (8) data_out_reg_10_/CK [Ref: saed14hvt/SAEDHVT14_FSDPRBQ_V2LP_1] [Location (47.66, 24.88)] [SINK PIN] 
        (8) data_out_reg_16_/CK [Ref: saed14hvt/SAEDHVT14_FSDPRBQ_V2LP_1] [Location (47.66, 22.48)] [SINK PIN] 
        (8) data_out_reg_20_/CK [Ref: saed14hvt/SAEDHVT14_FSDPRBQ_V2LP_1] [Location (47.66, 21.28)] [SINK PIN] 
        (8) data_out_reg_14_/CK [Ref: saed14hvt/SAEDHVT14_FSDPRBQ_V2LP_1] [Location (47.66, 23.68)] [SINK PIN] 
        (8) data_out_reg_2_/CK [Ref: saed14hvt/SAEDHVT14_FSDPRBQ_V2LP_1] [Location (47.66, 27.28)] [SINK PIN] 
        (8) data_out_reg_6_/CK [Ref: saed14hvt/SAEDHVT14_FSDPRBQ_V2LP_1] [Location (47.66, 26.08)] [SINK PIN] 
      (6) clock_opt_cts_u_clock_mux_clk_out_vip92/A [Ref: saed14slvt/SAEDSLVT14_INV_S_0P5] [Location (20.61, 24.91)] [IMPLICIT IGNORE PIN] 
      (6) clock_opt_cts_u_clock_mux_clk_out_vip92:A->X [Ref: saed14slvt/SAEDSLVT14_INV_S_0P5] [Location (20.50, 25.20)] [Net: cts7] [IMPLICIT IGNORE PIN] [Fanout: 1] 
       (7) clock_opt_cts_u_clock_mux_clk_out_vip91:A->X [Ref: saed14slvt/SAEDSLVT14_INV_S_0P5] [Location (20.20, 25.20)] [Net: cts6] [IMPLICIT IGNORE PIN] [Fanout: 1] 
        (8) ctmi_43/A1 [Ref: saed14hvt/SAEDHVT14_AN2_1] [Location (24.92, 24.86)] [ICG] [IMPLICIT IGNORE PIN] 
  (2) clock_opt_cts_q_div_8_reg_Q_vdp86/A [Ref: saed14rvt/SAEDRVT14_INV_0P5] [Location (17.87, 26.69)] [IMPLICIT IGNORE PIN] [CLOCK TO DATA] 
 (1) u_clock_mux/ctmi_21:B1->X [Ref: saed14hvt/SAEDHVT14_AO22_0P5] [Location (18.43, 25.20)] [Net: u_clock_mux/ctmn_20] [RECONVERGENT PIN] 
 (1) clock_opt_cts_q_div_4_reg_Q_vdp90/A [Ref: saed14rvt/SAEDRVT14_INV_0P5] [Location (19.79, 26.69)] [IMPLICIT IGNORE PIN] [CLOCK TO DATA] 

Printing structure of gen_clk_div8 at root pin q_div_8_reg/Q:
(0) q_div_8_reg/Q [Ref: saed14slvt/SAEDSLVT14_FSDPRBQ_V2_0P5] [Location (17.87, 28.51)] [Net: q_div_8] [Fanout: 2] [GENCLK: gen_clk_div8] 
 (1) u_clock_mux/ctmi_21:A1->X [Ref: saed14hvt/SAEDHVT14_AO22_0P5] [Location (18.43, 25.20)] [Net: u_clock_mux/ctmn_20] [Fanout: 1] 
  (2) u_clock_mux/clock_opt_cts_ZCTSINV_25_927:A->X [Ref: saed14slvt/SAEDSLVT14_INV_S_0P75] [Location (19.83, 25.20)] [Net: u_clock_mux/clock_opt_cts_ZCTSNET_1] [Fanout: 1] 
   (3) u_clock_mux/clock_opt_cts_ZCTSINV_14_926:A->X [Ref: saed14slvt/SAEDSLVT14_INV_S_1] [Location (19.31, 25.20)] [Net: u_clock_mux/clock_opt_cts_ZCTSNET_0] [Fanout: 1] 
    (4) u_clock_mux/ctmi_20:C->X [Ref: saed14hvt/SAEDHVT14_AO221_0P5] [Location (31.52, 26.40)] [Net: u_clock_mux/clk_out] [ICG] [Fanout: 2] 
     (5) clock_opt_cts_ZCTSINV_413_925:A->X [Ref: saed14slvt/SAEDSLVT14_INV_S_3] [Location (32.34, 26.40)] [Net: clock_opt_cts_ZCTSNET_1] [Fanout: 1] 
      (6) clock_opt_cts_ZCTSINV_399_924:A->X [Ref: saed14slvt/SAEDSLVT14_INV_S_12] [Location (32.19, 24.00)] [Net: clock_opt_cts_ZCTSNET_0] [Fanout: 33] 
       (7) data_out_reg_0_/CK [Ref: saed14hvt/SAEDHVT14_FSDPRBQ_V2LP_1] [Location (44.62, 24.88)] [SINK PIN] 
       (7) o_valid_reg_reg/CK [Ref: saed14hvt/SAEDHVT14_FSDPQ_V2LP_1] [Location (15.35, 47.14)] [SINK PIN] 
       (7) data_out_reg_3_/CK [Ref: saed14hvt/SAEDHVT14_FSDPRBQ_V2LP_1] [Location (37.00, 15.92)] [SINK PIN] 
       (7) data_out_reg_11_/CK [Ref: saed14hvt/SAEDHVT14_FSDPRBQ_V2LP_1] [Location (37.00, 13.52)] [SINK PIN] 
       (7) data_out_reg_7_/CK [Ref: saed14hvt/SAEDHVT14_FSDPRBQ_V2LP_1] [Location (37.00, 14.72)] [SINK PIN] 
       (7) data_out_reg_5_/CK [Ref: saed14hvt/SAEDHVT14_FSDPRBQ_V2LP_1] [Location (40.04, 18.88)] [SINK PIN] 
       (7) data_out_reg_13_/CK [Ref: saed14hvt/SAEDHVT14_FSDPRBQ_V2LP_1] [Location (40.04, 16.48)] [SINK PIN] 
       (7) data_out_reg_18_/CK [Ref: saed14hvt/SAEDHVT14_FSDPRBQ_V2LP_1] [Location (40.04, 14.08)] [SINK PIN] 
       (7) data_out_reg_25_/CK [Ref: saed14hvt/SAEDHVT14_FSDPRBQ_V2LP_1] [Location (40.04, 12.32)] [SINK PIN] 
       (7) data_out_reg_21_/CK [Ref: saed14hvt/SAEDHVT14_FSDPRBQ_V2LP_1] [Location (40.04, 9.92)] [SINK PIN] 
       (7) data_out_reg_29_/CK [Ref: saed14hvt/SAEDHVT14_FSDPRBQ_V2LP_1] [Location (44.55, 9.92)] [SINK PIN] 
       (7) data_out_reg_24_/CK [Ref: saed14hvt/SAEDHVT14_FSDPRBQ_V2LP_1] [Location (44.62, 6.32)] [SINK PIN] 
       (7) data_out_reg_30_/CK [Ref: saed14hvt/SAEDHVT14_FSDPRBQ_V2LP_1] [Location (46.10, 7.52)] [SINK PIN] 
       (7) data_out_reg_31_/CK [Ref: saed14hvt/SAEDHVT14_FSDPRBQ_V2LP_1] [Location (47.66, 6.32)] [SINK PIN] 
       (7) data_out_reg_26_/CK [Ref: saed14hvt/SAEDHVT14_FSDPRBQ_V2LP_1] [Location (47.66, 3.92)] [SINK PIN] 
       (7) data_out_reg_27_/CK [Ref: saed14hvt/SAEDHVT14_FSDPRBQ_V2LP_1] [Location (47.66, 5.12)] [SINK PIN] 
       (7) data_out_reg_28_/CK [Ref: saed14hvt/SAEDHVT14_FSDPRBQ_V2LP_1] [Location (44.55, 8.72)] [SINK PIN] 
       (7) data_out_reg_22_/CK [Ref: saed14hvt/SAEDHVT14_FSDPRBQ_V2LP_1] [Location (40.04, 11.12)] [SINK PIN] 
       (7) data_out_reg_23_/CK [Ref: saed14hvt/SAEDHVT14_FSDPRBQ_V2LP_1] [Location (40.04, 13.52)] [SINK PIN] 
       (7) data_out_reg_15_/CK [Ref: saed14hvt/SAEDHVT14_FSDPRBQ_V2LP_1] [Location (40.04, 15.28)] [SINK PIN] 
       (7) data_out_reg_9_/CK [Ref: saed14hvt/SAEDHVT14_FSDPRBQ_V2LP_1] [Location (40.04, 17.68)] [SINK PIN] 
       (7) data_out_reg_17_/CK [Ref: saed14hvt/SAEDHVT14_FSDPRBQ_V2LP_1] [Location (44.55, 18.88)] [SINK PIN] 
       (7) data_out_reg_1_/CK [Ref: saed14hvt/SAEDHVT14_FSDPRBQ_V2LP_1] [Location (40.04, 20.08)] [SINK PIN] 
       (7) data_out_reg_12_/CK [Ref: saed14hvt/SAEDHVT14_FSDPRBQ_V2LP_1] [Location (44.62, 21.28)] [SINK PIN] 
       (7) data_out_reg_8_/CK [Ref: saed14hvt/SAEDHVT14_FSDPRBQ_V2LP_1] [Location (44.62, 22.48)] [SINK PIN] 
       (7) data_out_reg_4_/CK [Ref: saed14hvt/SAEDHVT14_FSDPRBQ_V2LP_1] [Location (44.62, 23.68)] [SINK PIN] 
       (7) data_out_reg_19_/CK [Ref: saed14hvt/SAEDHVT14_FSDPRBQ_V2LP_1] [Location (46.10, 20.08)] [SINK PIN] 
       (7) data_out_reg_10_/CK [Ref: saed14hvt/SAEDHVT14_FSDPRBQ_V2LP_1] [Location (47.66, 24.88)] [SINK PIN] 
       (7) data_out_reg_16_/CK [Ref: saed14hvt/SAEDHVT14_FSDPRBQ_V2LP_1] [Location (47.66, 22.48)] [SINK PIN] 
       (7) data_out_reg_20_/CK [Ref: saed14hvt/SAEDHVT14_FSDPRBQ_V2LP_1] [Location (47.66, 21.28)] [SINK PIN] 
       (7) data_out_reg_14_/CK [Ref: saed14hvt/SAEDHVT14_FSDPRBQ_V2LP_1] [Location (47.66, 23.68)] [SINK PIN] 
       (7) data_out_reg_2_/CK [Ref: saed14hvt/SAEDHVT14_FSDPRBQ_V2LP_1] [Location (47.66, 27.28)] [SINK PIN] 
       (7) data_out_reg_6_/CK [Ref: saed14hvt/SAEDHVT14_FSDPRBQ_V2LP_1] [Location (47.66, 26.08)] [SINK PIN] 
     (5) clock_opt_cts_u_clock_mux_clk_out_vip92/A [Ref: saed14slvt/SAEDSLVT14_INV_S_0P5] [Location (20.61, 24.91)] [IMPLICIT IGNORE PIN] 
     (5) clock_opt_cts_u_clock_mux_clk_out_vip92:A->X [Ref: saed14slvt/SAEDSLVT14_INV_S_0P5] [Location (20.50, 25.20)] [Net: cts7] [IMPLICIT IGNORE PIN] [Fanout: 1] 
      (6) clock_opt_cts_u_clock_mux_clk_out_vip91:A->X [Ref: saed14slvt/SAEDSLVT14_INV_S_0P5] [Location (20.20, 25.20)] [Net: cts6] [IMPLICIT IGNORE PIN] [Fanout: 1] 
       (7) ctmi_43/A1 [Ref: saed14hvt/SAEDHVT14_AN2_1] [Location (24.92, 24.86)] [ICG] [IMPLICIT IGNORE PIN] 
 (1) clock_opt_cts_q_div_8_reg_Q_vdp86/A [Ref: saed14rvt/SAEDRVT14_INV_0P5] [Location (17.87, 26.69)] [IMPLICIT IGNORE PIN] [CLOCK TO DATA] 
1
