****************************************
Report : threshold_voltage_group
Design : ALU_votegui
Version: U-2022.12
Date   : Mon Apr 28 05:52:41 2025
****************************************

Cell Count Report
-----------------------------------------------------------------------------------------------------------------------------------------------------------------------------------------

Group Names                      All (%)       Repeaters (%)   Combinational (%)       Registers (%)     Sequentials (%)   Clock_network (%)           Macro (%)   Physical_only (%)
-----------------------------------------------------------------------------------------------------------------------------------------------------------------------------------------
hvt                        123  (13.62%)         0   (0.00%)        81   (8.97%)        33   (3.65%)         0   (0.00%)         9   (1.00%)         0   (0.00%)         0   (0.00%)
rvt                        779  (86.27%)       106  (11.74%)       127  (14.06%)         2   (0.22%)         0   (0.00%)         1   (0.11%)         0   (0.00%)       543  (60.13%)
slvt                         1   (0.11%)         0   (0.00%)         0   (0.00%)         0   (0.00%)         0   (0.00%)         1   (0.11%)         0   (0.00%)         0   (0.00%)
-----------------------------------------------------------------------------------------------------------------------------------------------------------------------------------------
Total                      903 (100.00%)       106  (11.74%)       208  (23.03%)        35   (3.88%)         0   (0.00%)        11   (1.22%)         0   (0.00%)       543  (60.13%)
Low vth groups               0   (0.00%)         0   (0.00%)         0   (0.00%)         0   (0.00%)         0   (0.00%)         0   (0.00%)         0   (0.00%)         0   (0.00%)
-----------------------------------------------------------------------------------------------------------------------------------------------------------------------------------------


Cell Area Report
-----------------------------------------------------------------------------------------------------------------------------------------------------------------------------------------

Group Names                      All (%)       Repeaters (%)   Combinational (%)       Registers (%)     Sequentials (%)   Clock_network (%)           Macro (%)   Physical_only (%)
-----------------------------------------------------------------------------------------------------------------------------------------------------------------------------------------
hvt                     94.972  (30.00%)     0.000   (0.00%)    46.931  (14.83%)    42.313  (13.37%)     0.000   (0.00%)     5.728   (1.81%)     0.000   (0.00%)     0.000   (0.00%)
rvt                    220.890  (69.79%)    41.914  (13.24%)    57.853  (18.28%)     3.374   (1.07%)     0.000   (0.00%)     0.400   (0.13%)     0.000   (0.00%)   117.349  (37.07%)
slvt                     0.666   (0.21%)     0.000   (0.00%)     0.000   (0.00%)     0.000   (0.00%)     0.000   (0.00%)     0.666   (0.21%)     0.000   (0.00%)     0.000   (0.00%)
-----------------------------------------------------------------------------------------------------------------------------------------------------------------------------------------
Total                  316.528 (100.00%)    41.914  (13.24%)   104.784  (33.10%)    45.688  (14.43%)     0.000   (0.00%)     6.793   (2.15%)     0.000   (0.00%)   117.349  (37.07%)
Low vth groups           0.000   (0.00%)     0.000   (0.00%)     0.000   (0.00%)     0.000   (0.00%)     0.000   (0.00%)     0.000   (0.00%)     0.000   (0.00%)     0.000   (0.00%)
-----------------------------------------------------------------------------------------------------------------------------------------------------------------------------------------

Legend
L:		Low Vth group specified by user
1
