****************************************
Report : congestion
Design : ALU_votegui
Version: U-2022.12
Date   : Mon Apr 28 07:36:01 2025
****************************************

Layer     |    overflow     |               # GRCs has
Name      |  total  |  max  | overflow (%)       | max overflow
---------------------------------------------------------------
M1        |       0 |     0 |       0  ( 0.000%) |       0
M2        |       0 |     0 |       0  ( 0.000%) |       0
M3        |       0 |     0 |       0  ( 0.000%) |       0
M4        |       0 |     0 |       0  ( 0.000%) |       0
M5        |       0 |     0 |       0  ( 0.000%) |       0
M6        |       2 |     1 |       2  ( 0.029%) |       2
M7        |       0 |     0 |       0  ( 0.000%) |       0
M8        |       0 |     0 |       0  ( 0.000%) |       0
M9        |       0 |     0 |       0  ( 0.000%) |       0
MRDL      |       0 |     0 |       0  ( 0.000%) |       0
---------------------------------------------------------------
Both Dirs |       2 |     1 |       2  ( 0.015%) |       2
H routing |       2 |     1 |       2  ( 0.029%) |       2
V routing |       0 |     0 |       0  ( 0.000%) |       0

1
