Information: Freeing timing information from routing. (ZRT-574)
****************************************
Report : threshold_voltage_group
Design : ALU_votegui
Version: U-2022.12
Date   : Mon Apr 28 07:15:52 2025
****************************************

Cell Count Report
-------------------------------------------------------------------------------------------------------------------------------------------------

Group Names                      All (%)       Repeaters (%)   Combinational (%)       Registers (%)     Sequentials (%)   Clock_network (%)
-------------------------------------------------------------------------------------------------------------------------------------------------
hvt                        120  (32.26%)         0   (0.00%)        81  (21.77%)        33   (8.87%)         0   (0.00%)         6   (1.61%)
lvt                          1   (0.27%)         0   (0.00%)         1   (0.27%)         0   (0.00%)         0   (0.00%)         0   (0.00%)  L
rvt                        235  (63.17%)       106  (28.49%)       126  (33.87%)         2   (0.54%)         0   (0.00%)         1   (0.27%)
slvt                        16   (4.30%)         0   (0.00%)         0   (0.00%)         0   (0.00%)         0   (0.00%)        16   (4.30%)
-------------------------------------------------------------------------------------------------------------------------------------------------
Total                      372 (100.00%)       106  (28.49%)       208  (55.91%)        35   (9.41%)         0   (0.00%)        23   (6.18%)
Low vth groups               1   (0.27%)         0   (0.00%)         1   (0.27%)         0   (0.00%)         0   (0.00%)         0   (0.00%)
-------------------------------------------------------------------------------------------------------------------------------------------------


Cell Area Report
-------------------------------------------------------------------------------------------------------------------------------------------------

Group Names                      All (%)       Repeaters (%)   Combinational (%)       Registers (%)     Sequentials (%)   Clock_network (%)
-------------------------------------------------------------------------------------------------------------------------------------------------
hvt                         91  (44.82%)         0   (0.00%)        47  (23.09%)        42  (20.82%)         0   (0.00%)         2   (0.92%)
lvt                          0   (0.11%)         0   (0.00%)         0   (0.11%)         0   (0.00%)         0   (0.00%)         0   (0.00%)  L
rvt                        103  (50.83%)        42  (20.62%)        58  (28.35%)         3   (1.66%)         0   (0.00%)         0   (0.20%)
slvt                         9   (4.24%)         0   (0.00%)         0   (0.00%)         0   (0.00%)         0   (0.00%)         9   (4.24%)
-------------------------------------------------------------------------------------------------------------------------------------------------
Total                      203 (100.00%)        42  (20.62%)       105  (51.55%)        46  (22.48%)         0   (0.00%)        11   (5.35%)
Low vth groups               0   (0.11%)         0   (0.00%)         0   (0.11%)         0   (0.00%)         0   (0.00%)         0   (0.00%)
-------------------------------------------------------------------------------------------------------------------------------------------------

Legend
L:		Low Vth group specified by user
1
