****************************************
Report : power
        -significant_digits 3
Design : ALU_votegui
Version: U-2022.12
Date   : Mon Apr 28 07:36:03 2025
****************************************
Information: Activity propagation will be performed for scenario func::setup_ss0p72v125c.
Information: Doing activity propagation for mode 'func' and corner 'setup_ss0p72v125c' with effort level 'medium'. (POW-024)
Information: Timer-derived activity data is cached on scenario func::setup_ss0p72v125c (POW-052)
Infomation: Fast mode activity propagation power.rtl_activity_annotation setup is ignored. Always use accurate mode.
Information: Turn on parallel simulation of generator nets.
Information: Running switching activity propagation with 8 threads!

 **** Information : No. of simulation cycles = 6 ****
Information: Propagated activity on scenario func::hold_ff0p88v125c identical to that on func::setup_ss0p72v125c (POW-006)
Mode: func
Corner: hold_ff0p88v125c
Scenario: func::hold_ff0p88v125c
Voltage: 0.880
Temperature: 125.000

Voltage Unit         : 1V
Capacitance Unit     : 1pF
Time Unit            : 1ns
Temperature Unit     : 1C
Dynamic Power Unit   : 1mW
Leakage Power Unit   : 1mW

Switched supply net power scaling:
scaling for leakage power

Supply nets:
VDD (power) probability 1.000 (default)
VSS (ground) probability 1.000 (default)

  Cell Internal Power    = N/A ( N/A )
  Net Switching Power    = N/A ( N/A )
Total Dynamic Power      = N/A (  0.0%)

Cell Leakage Power       = 3.175e-02 mW


  Attributes
  ----------
      u  -  User defined power group
      i  -  Includes clock pin internal power

Power Group         Internal Power        Switching Power          Leakage Power            Total Power    (   %  )    Attrs
-----------------------------------------------------------------------------------------------------------------------------
io_pad                         N/A                    N/A              0.000e+00              0.000e+00    (  0.0%)         
memory                         N/A                    N/A              0.000e+00              0.000e+00    (  0.0%)         
black_box                      N/A                    N/A              1.170e-06              1.170e-06    (  0.0%)         
clock_network                  N/A                    N/A              1.894e-02              1.894e-02    ( 59.7%)        i
register                       N/A                    N/A              1.626e-03              1.626e-03    (  5.1%)         
sequential                     N/A                    N/A              1.309e-04              1.309e-04    (  0.4%)         
combinational                  N/A                    N/A              1.105e-02              1.105e-02    ( 34.8%)         
-----------------------------------------------------------------------------------------------------------------------------
Total                          N/A                    N/A              3.175e-02 mW           3.175e-02 mW
Mode: func
Corner: setup_ss0p72v125c
Scenario: func::setup_ss0p72v125c
Voltage: 0.720
Temperature: 125.000

Voltage Unit         : 1V
Capacitance Unit     : 1pF
Time Unit            : 1ns
Temperature Unit     : 1C
Dynamic Power Unit   : 1mW
Leakage Power Unit   : 1mW

Switched supply net power scaling:
scaling for leakage power

Supply nets:
VDD (power) probability 1.000 (default)
VSS (ground) probability 1.000 (default)

  Cell Internal Power    = 3.361e-03 mW ( 45.2%)
  Net Switching Power    = 4.071e-03 mW ( 54.8%)
Total Dynamic Power      = 7.433e-03 mW (100.0%)

Cell Leakage Power       = 2.944e-03 mW


  Attributes
  ----------
      u  -  User defined power group
      i  -  Includes clock pin internal power

Power Group         Internal Power        Switching Power          Leakage Power            Total Power    (   %  )    Attrs
-----------------------------------------------------------------------------------------------------------------------------
io_pad                   0.000e+00              0.000e+00              0.000e+00              0.000e+00    (  0.0%)         
memory                   0.000e+00              0.000e+00              0.000e+00              0.000e+00    (  0.0%)         
black_box                0.000e+00              0.000e+00              1.144e-07              1.144e-07    (  0.0%)         
clock_network            1.704e-03              1.303e-03              1.532e-03              4.539e-03    ( 43.7%)        i
register                 3.167e-04              1.183e-04              7.742e-05              5.124e-04    (  4.9%)         
sequential               0.000e+00              0.000e+00              1.879e-05              1.879e-05    (  0.2%)         
combinational            1.341e-03              2.650e-03              1.316e-03              5.307e-03    ( 51.1%)         
-----------------------------------------------------------------------------------------------------------------------------
Total                    3.361e-03 mW           4.071e-03 mW           2.944e-03 mW           1.038e-02 mW
1
