Information: Timer using 8 threads
Information: Freeing timing information from routing. (ZRT-574)
****************************************
Report : threshold_voltage_group
Design : ALU_votegui
Version: U-2022.12
Date   : Mon Apr 28 05:52:46 2025
****************************************

Cell Count Report
-------------------------------------------------------------------------------------------------------------------------------------------------

Group Names                      All (%)       Repeaters (%)   Combinational (%)       Registers (%)     Sequentials (%)   Clock_network (%)
-------------------------------------------------------------------------------------------------------------------------------------------------
rvt                          0   (0.00%)         0   (0.00%)         0   (0.00%)         0   (0.00%)         0   (0.00%)         0   (0.00%)
slvt                        82  (34.60%)        19   (8.02%)        63  (26.58%)         0   (0.00%)         0   (0.00%)         0   (0.00%)
undefined                  155  (65.40%)         9   (3.80%)       105  (44.30%)        33  (13.92%)         0   (0.00%)         8   (3.38%)
-------------------------------------------------------------------------------------------------------------------------------------------------
Total                      237 (100.00%)        28  (11.81%)       168  (70.89%)        33  (13.92%)         0   (0.00%)         8   (3.38%)
Low vth groups               0   (0.00%)         0   (0.00%)         0   (0.00%)         0   (0.00%)         0   (0.00%)         0   (0.00%)
-------------------------------------------------------------------------------------------------------------------------------------------------


Cell Area Report
-------------------------------------------------------------------------------------------------------------------------------------------------

Group Names                      All (%)       Repeaters (%)   Combinational (%)       Registers (%)     Sequentials (%)   Clock_network (%)
-------------------------------------------------------------------------------------------------------------------------------------------------
rvt                          0   (0.00%)         0   (0.00%)         0   (0.00%)         0   (0.00%)         0   (0.00%)         0   (0.00%)
slvt                        43 (100.00%)         3   (7.86%)        40  (92.14%)         0   (0.00%)         0   (0.00%)         0   (0.00%)
undefined                    0   (0.00%)         0   (0.00%)         0   (0.00%)         0   (0.00%)         0   (0.00%)         0   (0.00%)
-------------------------------------------------------------------------------------------------------------------------------------------------
Total                       43 (100.00%)         3   (7.86%)        40  (92.14%)         0   (0.00%)         0   (0.00%)         0   (0.00%)
Low vth groups               0   (0.00%)         0   (0.00%)         0   (0.00%)         0   (0.00%)         0   (0.00%)         0   (0.00%)
-------------------------------------------------------------------------------------------------------------------------------------------------

Legend
L:		Low Vth group specified by user
1
