****************************************
Report : power
        -significant_digits 3
Design : ALU_votegui
Version: U-2022.12
Date   : Mon Apr 28 08:20:15 2025
****************************************
Information: Activity for scenario func::setup_ss0p72v125c was cached, no propagation required. (POW-005)
Information: Activity for scenario func::hold_ff0p88v125c was cached, no propagation required. (POW-005)
Mode: func
Corner: hold_ff0p88v125c
Scenario: func::hold_ff0p88v125c
Voltage: 0.880
Temperature: 125.000

Voltage Unit         : 1V
Capacitance Unit     : 1pF
Time Unit            : 1ns
Temperature Unit     : 1C
Dynamic Power Unit   : 1mW
Leakage Power Unit   : 1mW

Switched supply net power scaling:
scaling for leakage power

Supply nets:
VDD (power) probability 1.000 (default)
VSS (ground) probability 1.000 (default)

  Cell Internal Power    = N/A ( N/A )
  Net Switching Power    = N/A ( N/A )
Total Dynamic Power      = N/A (  0.0%)

Cell Leakage Power       = 2.254e-02 mW


  Attributes
  ----------
      u  -  User defined power group
      i  -  Includes clock pin internal power

Power Group         Internal Power        Switching Power          Leakage Power            Total Power    (   %  )    Attrs
-----------------------------------------------------------------------------------------------------------------------------
io_pad                         N/A                    N/A              0.000e+00              0.000e+00    (  0.0%)         
memory                         N/A                    N/A              0.000e+00              0.000e+00    (  0.0%)         
black_box                      N/A                    N/A              1.170e-06              1.170e-06    (  0.0%)         
clock_network                  N/A                    N/A              1.089e-02              1.089e-02    ( 48.3%)        i
register                       N/A                    N/A              1.626e-03              1.626e-03    (  7.2%)         
sequential                     N/A                    N/A              1.309e-04              1.309e-04    (  0.6%)         
combinational                  N/A                    N/A              9.889e-03              9.889e-03    ( 43.9%)         
-----------------------------------------------------------------------------------------------------------------------------
Total                          N/A                    N/A              2.254e-02 mW           2.254e-02 mW
Mode: func
Corner: setup_ss0p72v125c
Scenario: func::setup_ss0p72v125c
Voltage: 0.720
Temperature: 125.000

Voltage Unit         : 1V
Capacitance Unit     : 1pF
Time Unit            : 1ns
Temperature Unit     : 1C
Dynamic Power Unit   : 1mW
Leakage Power Unit   : 1mW

Switched supply net power scaling:
scaling for leakage power

Supply nets:
VDD (power) probability 1.000 (default)
VSS (ground) probability 1.000 (default)

  Cell Internal Power    = 3.141e-03 mW ( 47.3%)
  Net Switching Power    = 3.500e-03 mW ( 52.7%)
Total Dynamic Power      = 6.641e-03 mW (100.0%)

Cell Leakage Power       = 2.334e-03 mW


  Attributes
  ----------
      u  -  User defined power group
      i  -  Includes clock pin internal power

Power Group         Internal Power        Switching Power          Leakage Power            Total Power    (   %  )    Attrs
-----------------------------------------------------------------------------------------------------------------------------
io_pad                   0.000e+00              0.000e+00              0.000e+00              0.000e+00    (  0.0%)         
memory                   0.000e+00              0.000e+00              0.000e+00              0.000e+00    (  0.0%)         
black_box                0.000e+00              0.000e+00              1.144e-07              1.144e-07    (  0.0%)         
clock_network            1.701e-03              1.095e-03              8.837e-04              3.680e-03    ( 41.0%)        i
register                 3.175e-04              1.188e-04              7.742e-05              5.137e-04    (  5.7%)         
sequential               0.000e+00              0.000e+00              1.879e-05              1.879e-05    (  0.2%)         
combinational            1.122e-03              2.286e-03              1.354e-03              4.762e-03    ( 53.1%)         
-----------------------------------------------------------------------------------------------------------------------------
Total                    3.141e-03 mW           3.500e-03 mW           2.334e-03 mW           8.975e-03 mW
1
