****************************************
Report : activity
        -verbose
Design : ALU_votegui
Version: U-2022.12
Date   : Mon Apr 28 07:35:48 2025
****************************************

Scenario 'func::hold_ff0p88v125c' (mode 'func', corner 'hold_ff0p88v125c')

Activity Type                          port              net         leaf-pin        block-pin         hier-pin        cell-SDPD
--------------------------------------------------------------------------------------------------------------------------------
simulated                                                                                                                       
  saif                           0 (  0.0%)       0 (  0.0%)       0 (  0.0%)       0 (  0.0%)       0 (  0.0%)       0 (  0.0%)
  vcd                            0 (  0.0%)       0 (  0.0%)       0 (  0.0%)       0 (  0.0%)       0 (  0.0%)       0 (  0.0%)
annotated                                                                                                                       
  set_switching_activity         0 (  0.0%)       0 (  0.0%)       0 (  0.0%)       0 (  0.0%)       0 (  0.0%)       0 (  0.0%)
  abstract                       0 (  0.0%)       0 (  0.0%)       0 (  0.0%)       0 (  0.0%)       0 (  0.0%)       0 (  0.0%)
inferred                                                                                                                        
  infer_switching_activity       0 (  0.0%)       0 (  0.0%)       0 (  0.0%)       0 (  0.0%)       0 (  0.0%)       0 (  0.0%)
derived                                                                                                                         
  create_clock                   1 (  0.9%)       1 (  0.2%)       1 (  0.0%)       0 (  0.0%)       0 (  0.0%)       0 (  0.0%)
  create_generated_clock         0 (  0.0%)       3 (  0.6%)      11 (  0.3%)       0 (  0.0%)       3 (  0.5%)       0 (  0.0%)
  set_case_analysis              0 (  0.0%)       0 (  0.0%)       0 (  0.0%)       0 (  0.0%)       0 (  0.0%)       0 (  0.0%)
  timer_implied                  0 (  0.0%)       7 (  1.5%)      79 (  2.5%)       0 (  0.0%)       0 (  0.0%)       0 (  0.0%)
  logic_constant                 0 (  0.0%)       0 (  0.0%)       0 (  0.0%)       0 (  0.0%)       0 (  0.0%)       0 (  0.0%)
  supply_constant                2 (  1.9%)       2 (  0.4%)    1844 ( 58.5%)       0 (  0.0%)      12 (  2.1%)       0 (  0.0%)
calculated                                                                                                                      
  seq_implied                    0 (  0.0%)       0 (  0.0%)       0 (  0.0%)       0 (  0.0%)       0 (  0.0%)       0 (  0.0%)
  implied                        0 (  0.0%)       0 (  0.0%)       0 (  0.0%)       0 (  0.0%)       0 (  0.0%)       0 (  0.0%)
  propagated                     0 (  0.0%)       0 (  0.0%)       0 (  0.0%)       0 (  0.0%)       0 (  0.0%)       0 (  0.0%)
  estimated                      0 (  0.0%)       0 (  0.0%)       0 (  0.0%)       0 (  0.0%)       0 (  0.0%)       0 (  0.0%)
default                        105 ( 97.2%)     456 ( 97.2%)    1216 ( 38.6%)       0 (  0.0%)     550 ( 97.3%)     909 (100.0%)
--------------------------------------------------------------------------------------------------------------------------------
total                          108 (100.0%)     469 (100.0%)    3151 (100.0%)       0 (  0.0%)     565 (100.0%)     909 (100.0%)
1
