****************************************
Report : threshold_voltage_group
Design : ALU_votegui
Version: U-2022.12
Date   : Mon Apr 28 07:59:53 2025
****************************************

Cell Count Report
-------------------------------------------------------------------------------------------------------------------------------------------------

Group Names                      All (%)       Repeaters (%)   Combinational (%)       Registers (%)     Sequentials (%)   Clock_network (%)
-------------------------------------------------------------------------------------------------------------------------------------------------
hvt                        117  (31.97%)         0   (0.00%)        81  (22.13%)        33   (9.02%)         0   (0.00%)         3   (0.82%)
lvt                          1   (0.27%)         0   (0.00%)         1   (0.27%)         0   (0.00%)         0   (0.00%)         0   (0.00%)  L
rvt                        238  (65.03%)       106  (28.96%)       126  (34.43%)         2   (0.55%)         0   (0.00%)         4   (1.09%)
slvt                        10   (2.73%)         0   (0.00%)         0   (0.00%)         0   (0.00%)         0   (0.00%)        10   (2.73%)
-------------------------------------------------------------------------------------------------------------------------------------------------
Total                      366 (100.00%)       106  (28.96%)       208  (56.83%)        35   (9.56%)         0   (0.00%)        17   (4.64%)
Low vth groups               1   (0.27%)         0   (0.00%)         1   (0.27%)         0   (0.00%)         0   (0.00%)         0   (0.00%)
-------------------------------------------------------------------------------------------------------------------------------------------------


Cell Area Report
-------------------------------------------------------------------------------------------------------------------------------------------------

Group Names                      All (%)       Repeaters (%)   Combinational (%)       Registers (%)     Sequentials (%)   Clock_network (%)
-------------------------------------------------------------------------------------------------------------------------------------------------
hvt                         91  (45.09%)         0   (0.00%)        47  (23.36%)        42  (21.07%)         0   (0.00%)         1   (0.66%)
lvt                          0   (0.11%)         0   (0.00%)         0   (0.11%)         0   (0.00%)         0   (0.00%)         0   (0.00%)  L
rvt                        104  (51.70%)        42  (20.87%)        58  (28.69%)         3   (1.68%)         0   (0.00%)         1   (0.46%)
slvt                         6   (3.09%)         0   (0.00%)         0   (0.00%)         0   (0.00%)         0   (0.00%)         6   (3.09%)
-------------------------------------------------------------------------------------------------------------------------------------------------
Total                      201 (100.00%)        42  (20.87%)       105  (52.17%)        46  (22.75%)         0   (0.00%)         8   (4.22%)
Low vth groups               0   (0.11%)         0   (0.00%)         0   (0.11%)         0   (0.00%)         0   (0.00%)         0   (0.00%)
-------------------------------------------------------------------------------------------------------------------------------------------------

Legend
L:		Low Vth group specified by user
1
